"AOI Pair","Transition Count","Proportion excluding self-transitions","Proportion including self-transitions"
"AOI_2 -> AOI_1","1","0.3333333333333333","0.16666666666666666"
"AOI_2 -> AOI_2","1","0.0","0.16666666666666666"
"AOI_1 -> AOI_1","2","0.0","0.3333333333333333"
"AOI_1 -> AOI_2","2","0.6666666666666666","0.3333333333333333"
